node.exe : npm error 
could not determine 
executable to run
At line:1 char:1
+ & "C:\Program Files\
nodejs/node.exe" 
"C:\Program 
Files\nodejs/node_mo 
...
+ ~~~~~~~~~~~~~~~~~~~~
~~~~~~~~~~~~~~~~~~~~~~
~~~~~~~~~~~~~~~~~~~~~~
~~~~~
    + CategoryInfo    
          : 
NotSpecified: (n    
pm error could...ecut 
   able to 
run:String) [    ], 
RemoteException
    + 
FullyQualifiedError   
 Id : 
NativeCommandErr    or
 
npm error A complete 
log of this run can 
be found in: C:\Users\
DELL\AppData\Local\npm
-cache\_logs\2026-03-1
6T11_37_09_860Z-debug-
0.log
