src/app/actions/matters.ts(818,13): error TS2322: Type '{ title: string; date: Date; type: "CLIENT_MEETING" | "INTERNAL_MEETING"; matterId: string | undefined; briefId: string; clientId: string; location: string | undefined; agenda: string | undefined; submittingLawyerId: string; submittingLawyerToken: string; submittingLawyerName: string | ... 1 more ... | undefined; ap...' is not assignable to type '(Without<CalendarEntryCreateInput, CalendarEntryUncheckedCreateInput> & CalendarEntryUncheckedCreateInput) | (Without<...> & CalendarEntryCreateInput)'.
  Type '{ title: string; date: Date; type: "CLIENT_MEETING" | "INTERNAL_MEETING"; matterId: string | undefined; briefId: string; clientId: string; location: string | undefined; agenda: string | undefined; submittingLawyerId: string; submittingLawyerToken: string; submittingLawyerName: string | ... 1 more ... | undefined; ap...' is not assignable to type 'Without<CalendarEntryUncheckedCreateInput, CalendarEntryCreateInput> & CalendarEntryCreateInput'.
    Type '{ title: string; date: Date; type: "CLIENT_MEETING" | "INTERNAL_MEETING"; matterId: string | undefined; briefId: string; clientId: string; location: string | undefined; agenda: string | undefined; submittingLawyerId: string; submittingLawyerToken: string; submittingLawyerName: string | ... 1 more ... | undefined; ap...' is not assignable to type 'Without<CalendarEntryUncheckedCreateInput, CalendarEntryCreateInput>'.
      Types of property 'matterId' are incompatible.
        Type 'string | undefined' is not assignable to type 'undefined'.
          Type 'string' is not assignable to type 'undefined'.
src/app/api/bica/execute/route.ts(4,80): error TS2307: Cannot find module '@/lib/bica/morph-registry' or its corresponding type declarations.
src/app/api/invitations/[token]/route.ts(14,22): error TS2353: Object literal may only specify known properties, and 'tokenHash' does not exist in type 'InvitationWhereInput'.
src/app/api/invitations/[token]/route.ts(52,35): error TS2551: Property 'workspace' does not exist on type '{ email: string; token: string; id: string; workspaceId: string; createdAt: Date; role: string; status: string; expiresAt: Date; acceptedAt: Date | null; invitedBy: string; }'. Did you mean 'workspaceId'?
src/app/api/invitations/[token]/route.ts(55,33): error TS2339: Property 'inviter' does not exist on type '{ email: string; token: string; id: string; workspaceId: string; createdAt: Date; role: string; status: string; expiresAt: Date; acceptedAt: Date | null; invitedBy: string; }'.
src/app/api/invitations/send/route.ts(135,25): error TS2353: Object literal may only specify known properties, and 'tokenHash' does not exist in type 'Without<InvitationCreateInput, InvitationUncheckedCreateInput> & InvitationUncheckedCreateInput'.
src/app/calendar/CalendarClient.tsx(75,23): error TS2345: Argument of type '(({ matter: { client: { id: string; name: string; } | null; id: string; name: string; caseNumber: string | null; }; meetingRecording: { date: Date; id: string; createdAt: Date; updatedAt: Date; ... 10 more ...; complianceTaskId: string | null; } | null; appearances: { ...; }[]; } & { ...; }) | { ...; } | { ...; })[]' is not assignable to parameter of type 'SetStateAction<CalendarEvent[]>'.
  Type '(({ matter: { client: { id: string; name: string; } | null; id: string; name: string; caseNumber: string | null; }; meetingRecording: { date: Date; id: string; createdAt: Date; updatedAt: Date; ... 10 more ...; complianceTaskId: string | null; } | null; appearances: { ...; }[]; } & { ...; }) | { ...; } | { ...; })[]' is not assignable to type 'CalendarEvent[]'.
    Type '({ matter: { client: { id: string; name: string; } | null; id: string; name: string; caseNumber: string | null; }; meetingRecording: { date: Date; id: string; createdAt: Date; updatedAt: Date; ... 10 more ...; complianceTaskId: string | null; } | null; appearances: { ...; }[]; } & { ...; }) | { ...; } | { ...; }' is not assignable to type 'CalendarEvent'.
      Type '{ matter: { client: { id: string; name: string; } | null; id: string; name: string; caseNumber: string | null; }; meetingRecording: { date: Date; id: string; createdAt: Date; updatedAt: Date; ... 10 more ...; complianceTaskId: string | null; } | null; appearances: { ...; }[]; } & { ...; }' is not assignable to type 'CalendarEvent'.
        Types of property 'type' are incompatible.
          Type 'string | null' is not assignable to type 'CalendarEventType'.
            Type 'null' is not assignable to type 'CalendarEventType'.
src/app/calendar/page.tsx(31,13): error TS2322: Type '(({ matter: { client: { id: string; name: string; } | null; id: string; name: string; caseNumber: string | null; }; meetingRecording: { date: Date; id: string; createdAt: Date; updatedAt: Date; ... 10 more ...; complianceTaskId: string | null; } | null; appearances: { ...; }[]; } & { ...; }) | { ...; } | { ...; })[]' is not assignable to type 'CalendarEvent[]'.
  Type '({ matter: { client: { id: string; name: string; } | null; id: string; name: string; caseNumber: string | null; }; meetingRecording: { date: Date; id: string; createdAt: Date; updatedAt: Date; ... 10 more ...; complianceTaskId: string | null; } | null; appearances: { ...; }[]; } & { ...; }) | { ...; } | { ...; }' is not assignable to type 'CalendarEvent'.
    Type '{ matter: { client: { id: string; name: string; } | null; id: string; name: string; caseNumber: string | null; }; meetingRecording: { date: Date; id: string; createdAt: Date; updatedAt: Date; ... 10 more ...; complianceTaskId: string | null; } | null; appearances: { ...; }[]; } & { ...; }' is not assignable to type 'CalendarEvent'.
      Types of property 'type' are incompatible.
        Type 'string | null' is not assignable to type 'CalendarEventType'.
          Type 'null' is not assignable to type 'CalendarEventType'.
src/components/calendar/EventList.tsx(106,58): error TS2304: Cannot find name 'Mic'.
src/components/calendar/EventList.tsx(119,58): error TS2304: Cannot find name 'FileText'.
src/components/calendar/MatterDetailModal.tsx(456,57): error TS2551: Property 'audioFileUrl' does not exist on type 'MeetingRecording'. Did you mean 'audioUrl'?
src/components/calendar/MatterDetailModal.tsx(458,70): error TS2551: Property 'audioFileUrl' does not exist on type 'MeetingRecording'. Did you mean 'audioUrl'?
src/components/meetings/CreateMeetingRecordModal.tsx(118,33): error TS2322: Type '(url: string, dur: number) => Promise<void>' is not assignable to type '(recordingId: string, audioUrl: string, duration: number) => void'.
  Types of parameters 'dur' and 'audioUrl' are incompatible.
    Type 'string' is not assignable to type 'number'.
src/lib/bica/lib/crud-engine/__tests__/crud-engine.integration.test.ts(1,48): error TS2307: Cannot find module 'vitest' or its corresponding type declarations.
src/lib/bica/lib/crud-engine/__tests__/crud-engine.integration.test.ts(115,14): error TS2571: Object is of type 'unknown'.
src/lib/bica/lib/crud-engine/__tests__/crud-engine.test.ts(1,54): error TS2307: Cannot find module 'vitest' or its corresponding type declarations.
src/lib/bica/lib/crud-engine/__tests__/crud-engine.test.ts(61,38): error TS2769: No overload matches this call.
  Overload 1 of 2, '(o: ArrayLike<unknown> | { [s: string]: unknown; }): unknown[]', gave the following error.
    Argument of type 'unknown' is not assignable to parameter of type 'ArrayLike<unknown> | { [s: string]: unknown; }'.
  Overload 2 of 2, '(o: {}): any[]', gave the following error.
    Argument of type 'unknown' is not assignable to parameter of type '{}'.
src/lib/bica/lib/crud-engine/__tests__/crud-engine.test.ts(62,9): error TS18046: 'fn' is of type 'unknown'.
src/lib/bica/lib/crud-engine/executor.ts(19,38): error TS2307: Cannot find module '../playbooks' or its corresponding type declarations.
src/lib/bica/lib/jeql/__tests__/compiler.test.ts(1,38): error TS2307: Cannot find module 'vitest' or its corresponding type declarations.
src/lib/processScheduledNotifications.ts(30,17): error TS2353: Object literal may only specify known properties, and 'calendarEntry' does not exist in type 'ScheduledNotificationInclude<DefaultArgs>'.
src/lib/processScheduledNotifications.ts(63,36): error TS2551: Property 'complianceTask' does not exist on type '{ id: string; createdAt: Date; updatedAt: Date; status: string; matterId: string | null; recipientId: string; complianceTaskId: string | null; sentAt: Date | null; courtDateId: string | null; notificationType: string; scheduledFor: Date; }'. Did you mean 'complianceTaskId'?
src/lib/processScheduledNotifications.ts(64,59): error TS2551: Property 'complianceTask' does not exist on type '{ id: string; createdAt: Date; updatedAt: Date; status: string; matterId: string | null; recipientId: string; complianceTaskId: string | null; sentAt: Date | null; courtDateId: string | null; notificationType: string; scheduledFor: Date; }'. Did you mean 'complianceTaskId'?
src/lib/processScheduledNotifications.ts(66,132): error TS2551: Property 'complianceTask' does not exist on type '{ id: string; createdAt: Date; updatedAt: Date; status: string; matterId: string | null; recipientId: string; complianceTaskId: string | null; sentAt: Date | null; courtDateId: string | null; notificationType: string; scheduledFor: Date; }'. Did you mean 'complianceTaskId'?
src/lib/processScheduledNotifications.ts(69,43): error TS2339: Property 'calendarEntry' does not exist on type '{ id: string; createdAt: Date; updatedAt: Date; status: string; matterId: string | null; recipientId: string; complianceTaskId: string | null; sentAt: Date | null; courtDateId: string | null; notificationType: string; scheduledFor: Date; }'.
src/lib/processScheduledNotifications.ts(70,55): error TS2339: Property 'calendarEntry' does not exist on type '{ id: string; createdAt: Date; updatedAt: Date; status: string; matterId: string | null; recipientId: string; complianceTaskId: string | null; sentAt: Date | null; courtDateId: string | null; notificationType: string; scheduledFor: Date; }'.
src/lib/processScheduledNotifications.ts(72,96): error TS2339: Property 'calendarEntry' does not exist on type '{ id: string; createdAt: Date; updatedAt: Date; status: string; matterId: string | null; recipientId: string; complianceTaskId: string | null; sentAt: Date | null; courtDateId: string | null; notificationType: string; scheduledFor: Date; }'.
src/lib/processScheduledNotifications.ts(75,60): error TS2339: Property 'calendarEntry' does not exist on type '{ id: string; createdAt: Date; updatedAt: Date; status: string; matterId: string | null; recipientId: string; complianceTaskId: string | null; sentAt: Date | null; courtDateId: string | null; notificationType: string; scheduledFor: Date; }'.
src/lib/rate-limit.ts(31,33): error TS2339: Property 'rateLimit' does not exist on type 'PrismaClient<PrismaClientOptions, never, DefaultArgs>'.
src/lib/rate-limit.ts(49,22): error TS2339: Property 'rateLimit' does not exist on type 'PrismaClient<PrismaClientOptions, never, DefaultArgs>'.
src/lib/scheduleAdjournmentNotifications.ts(19,17): error TS2353: Object literal may only specify known properties, and 'calendarEntryId' does not exist in type 'ScheduledNotificationWhereInput'.
src/lib/services/auth/ratelimit.ts(21,36): error TS2339: Property 'rateLimit' does not exist on type 'PrismaClient<PrismaClientOptions, never, DefaultArgs>'.
src/lib/services/auth/ratelimit.ts(33,22): error TS2339: Property 'rateLimit' does not exist on type 'PrismaClient<PrismaClientOptions, never, DefaultArgs>'.
src/lib/services/auth/ratelimit.ts(47,34): error TS2339: Property 'rateLimit' does not exist on type 'PrismaClient<PrismaClientOptions, never, DefaultArgs>'.
src/lib/services/auth/tokens.ts(29,18): error TS2339: Property 'emailVerification' does not exist on type 'PrismaClient<PrismaClientOptions, never, DefaultArgs>'.
src/lib/services/auth/tokens.ts(33,18): error TS2339: Property 'emailVerification' does not exist on type 'PrismaClient<PrismaClientOptions, never, DefaultArgs>'.
src/lib/services/auth/tokens.ts(48,39): error TS2339: Property 'emailVerification' does not exist on type 'PrismaClient<PrismaClientOptions, never, DefaultArgs>'.
src/lib/services/auth/tokens.ts(58,18): error TS2339: Property 'emailVerification' does not exist on type 'PrismaClient<PrismaClientOptions, never, DefaultArgs>'.
src/lib/services/auth/tokens.ts(75,18): error TS2339: Property 'passwordResetRequest' does not exist on type 'PrismaClient<PrismaClientOptions, never, DefaultArgs>'.
src/lib/services/auth/tokens.ts(79,18): error TS2339: Property 'passwordResetRequest' does not exist on type 'PrismaClient<PrismaClientOptions, never, DefaultArgs>'.
src/lib/services/auth/tokens.ts(93,39): error TS2339: Property 'passwordResetRequest' does not exist on type 'PrismaClient<PrismaClientOptions, never, DefaultArgs>'.
src/lib/services/auth/tokens.ts(103,18): error TS2339: Property 'passwordResetRequest' does not exist on type 'PrismaClient<PrismaClientOptions, never, DefaultArgs>'.
src/lib/services/auth/tokens.ts(124,13): error TS2353: Object literal may only specify known properties, and 'tokenHash' does not exist in type 'Without<InvitationCreateInput, InvitationUncheckedCreateInput> & InvitationUncheckedCreateInput'.
src/lib/services/auth/tokens.ts(137,18): error TS2353: Object literal may only specify known properties, and 'tokenHash' does not exist in type 'InvitationWhereUniqueInput'.
