src/app/briefs/[id]/page.tsx(78,25): error TS2322: Type '{ briefId: string; onDocumentClick: Dispatch<SetStateAction<Document | null>>; }' is not assignable to type 'IntrinsicAttributes & Omit<DocumentListProps, "briefId">'.
  Property 'briefId' does not exist on type 'IntrinsicAttributes & Omit<DocumentListProps, "briefId">'.
src/components/briefs/DocumentList.tsx(77,25): error TS2304: Cannot find name 'ImageIcon'.
